Archive member included because of file (symbol)

/Users/Rick/pebble-dev/myprojects/PebbleDiceRoll/lib/libpebble.a(tmpE96Sgtpebble_os.o)
                              src/diceroll.c.1.o (app_event_loop)
/Users/Rick/pebble-dev/arm-cs-tools/bin/../lib/gcc/arm-none-eabi/4.6.3/../../../../arm-none-eabi/lib/thumb2/libc.a(lib_a-memset.o)
                              src/diceroll.c.1.o (memset)

Allocating common symbols
Common symbol       size              file

xfunc_in            0x4               src/xprintf.c.1.o
maxNumberValueLayer
                    0x38              src/diceroll.c.1.o
xfunc_out           0x4               src/xprintf.c.1.o
randSeed            0x4               src/diceroll.c.1.o
randomNumberLayer   0x38              src/diceroll.c.1.o
maxNumberPromptLayer
                    0x38              src/diceroll.c.1.o
window              0x58              src/diceroll.c.1.o

Memory Configuration

Name             Origin             Length             Attributes
APP              0x0000000000000000 0x0000000000006000 xrw
*default*        0x0000000000000000 0xffffffffffffffff

Linker script and memory map

LOAD /Users/Rick/pebble-dev/arm-cs-tools/bin/../lib/gcc/arm-none-eabi/4.6.3/thumb2/crti.o
LOAD /Users/Rick/pebble-dev/arm-cs-tools/bin/../lib/gcc/arm-none-eabi/4.6.3/thumb2/crtbegin.o
LOAD src/diceroll.c.1.o
LOAD src/xprintf.c.1.o
LOAD /Users/Rick/pebble-dev/myprojects/PebbleDiceRoll/lib/libpebble.a
START GROUP
LOAD /Users/Rick/pebble-dev/arm-cs-tools/bin/../lib/gcc/arm-none-eabi/4.6.3/thumb2/libgcc.a
LOAD /Users/Rick/pebble-dev/arm-cs-tools/bin/../lib/gcc/arm-none-eabi/4.6.3/../../../../arm-none-eabi/lib/thumb2/libc.a
END GROUP
LOAD /Users/Rick/pebble-dev/arm-cs-tools/bin/../lib/gcc/arm-none-eabi/4.6.3/thumb2/crtend.o
LOAD /Users/Rick/pebble-dev/arm-cs-tools/bin/../lib/gcc/arm-none-eabi/4.6.3/thumb2/crtn.o

.header         0x0000000000000000       0x7c
 *(.pbl_header)
 .pbl_header    0x0000000000000000       0x7c src/diceroll.c.1.o
                0x0000000000000000                __pbl_app_info

.text           0x000000000000007c     0x1ad4
 *(.text)
 .text          0x000000000000007c        0x0 /Users/Rick/pebble-dev/arm-cs-tools/bin/../lib/gcc/arm-none-eabi/4.6.3/thumb2/crti.o
 .text          0x000000000000007c       0x68 /Users/Rick/pebble-dev/arm-cs-tools/bin/../lib/gcc/arm-none-eabi/4.6.3/thumb2/crtbegin.o
 .text          0x00000000000000e4      0x5e4 src/diceroll.c.1.o
                0x00000000000000e4                get_unix_time_from_current_time
                0x00000000000001d4                get_unix_time
                0x00000000000001fc                random
                0x0000000000000264                displayRandom
                0x00000000000002b8                displayMaxNumber
                0x0000000000000304                up_single_click_handler
                0x0000000000000348                down_single_click_handler
                0x0000000000000388                select_single_click_handler
                0x00000000000003a0                select_long_click_handler
                0x00000000000003c4                click_config_provider
                0x000000000000043c                handle_init
                0x000000000000068c                pbl_main
 .text          0x00000000000006c8      0x8fc src/xprintf.c.1.o
                0x00000000000006c8                xputc
                0x0000000000000738                xputs
                0x0000000000000764                xfputs
                0x0000000000000b50                xprintf
                0x0000000000000b74                xsprintf
                0x0000000000000bc4                xfprintf
                0x0000000000000c10                put_dump
                0x0000000000000d30                xgets
                0x0000000000000df8                xfgets
                0x0000000000000e40                xatoi
 .text          0x0000000000000fc4      0xb8c /Users/Rick/pebble-dev/myprojects/PebbleDiceRoll/lib/libpebble.a(tmpE96Sgtpebble_os.o)
                0x0000000000000fc4                animation_init
                0x0000000000000fd0                animation_set_delay
                0x0000000000000fdc                animation_set_duration
                0x0000000000000fe8                animation_set_curve
                0x0000000000000ff4                animation_set_handlers
                0x0000000000001000                animation_set_implementation
                0x000000000000100c                animation_get_context
                0x0000000000001018                animation_schedule
                0x0000000000001024                animation_unschedule
                0x0000000000001030                animation_unschedule_all
                0x000000000000103c                animation_is_scheduled
                0x0000000000001048                app_timer_send_event
                0x0000000000001054                app_timer_cancel_event
                0x0000000000001060                app_event_loop
                0x000000000000106c                bmp_init_container
                0x0000000000001078                bmp_deinit_container
                0x0000000000001084                cos_lookup
                0x0000000000001090                fonts_get_system_font
                0x000000000000109c                fonts_load_custom_font
                0x00000000000010a8                fonts_unload_custom_font
                0x00000000000010b4                graphics_context_set_stroke_color
                0x00000000000010c0                graphics_context_set_fill_color
                0x00000000000010cc                graphics_context_set_text_color
                0x00000000000010d8                graphics_context_set_compositing_mode
                0x00000000000010e4                graphics_draw_pixel
                0x00000000000010f0                graphics_draw_line
                0x00000000000010fc                graphics_fill_rect
                0x0000000000001108                graphics_draw_circle
                0x0000000000001114                graphics_fill_circle
                0x0000000000001120                graphics_draw_round_rect
                0x000000000000112c                get_time
                0x0000000000001138                gpath_init
                0x0000000000001144                gpath_move_to
                0x0000000000001150                gpath_rotate_to
                0x000000000000115c                gpath_draw_outline
                0x0000000000001168                gpath_draw_filled
                0x0000000000001174                grect_center_point
                0x0000000000001180                layer_mark_dirty
                0x000000000000118c                layer_remove_from_parent
                0x0000000000001198                layer_add_child
                0x00000000000011a4                layer_get_frame
                0x00000000000011b0                layer_set_frame
                0x00000000000011bc                layer_set_hidden
                0x00000000000011c8                layer_init
                0x00000000000011d4                light_enable
                0x00000000000011e0                light_enable_interaction
                0x00000000000011ec                psleep
                0x00000000000011f8                resource_init_current_app
                0x0000000000001204                resource_get_handle
                0x0000000000001210                resource_load
                0x000000000000121c                resource_load_byte_range
                0x0000000000001228                resource_size
                0x0000000000001234                rotbmp_deinit_container
                0x0000000000001240                rotbmp_init_container
                0x000000000000124c                rotbmp_pair_deinit_container
                0x0000000000001258                rotbmp_pair_init_container
                0x0000000000001264                rotbmp_pair_layer_set_src_ic
                0x0000000000001270                rotbmp_pair_layer_set_angle
                0x000000000000127c                window_init
                0x0000000000001288                window_stack_push
                0x0000000000001294                window_set_click_config_provider
                0x00000000000012a0                window_set_background_color
                0x00000000000012ac                window_render
                0x00000000000012b8                window_set_fullscreen
                0x00000000000012c4                sin_lookup
                0x00000000000012d0                string_format_time
                0x00000000000012dc                text_layer_init
                0x00000000000012e8                text_layer_get_text
                0x00000000000012f4                text_layer_set_text
                0x0000000000001300                text_layer_set_font
                0x000000000000130c                text_layer_set_text_color
                0x0000000000001318                text_layer_set_background_color
                0x0000000000001324                vibes_double_pulse
                0x0000000000001330                vibes_enqueue_custom_pattern
                0x000000000000133c                vibes_long_pulse
                0x0000000000001348                vibes_short_pulse
                0x0000000000001354                app_get_current_graphics_context
                0x0000000000001360                clock_is_24h_style
                0x000000000000136c                property_animation_init_layer_frame
                0x0000000000001378                text_layer_set_text_alignment
                0x0000000000001384                graphics_draw_bitmap_in_rect
                0x0000000000001390                graphics_text_draw
                0x000000000000139c                layer_set_bounds
                0x00000000000013a8                layer_get_bounds
                0x00000000000013b4                layer_set_update_proc
                0x00000000000013c0                layer_get_window
                0x00000000000013cc                layer_remove_child_layers
                0x00000000000013d8                layer_insert_below_sibling
                0x00000000000013e4                layer_insert_above_sibling
                0x00000000000013f0                layer_get_hidden
                0x00000000000013fc                layer_set_clips
                0x0000000000001408                layer_get_clips
                0x0000000000001414                text_layer_get_max_used_size
                0x0000000000001420                text_layer_set_size
                0x000000000000142c                text_layer_set_overflow_mode
                0x0000000000001438                graphics_text_layout_get_max_used_size
                0x0000000000001444                inverter_layer_init
                0x0000000000001450                bitmap_layer_init
                0x000000000000145c                bitmap_layer_set_bitmap
                0x0000000000001468                bitmap_layer_set_alignment
                0x0000000000001474                bitmap_layer_set_background_color
                0x0000000000001480                bitmap_layer_set_compositing_mode
                0x000000000000148c                heap_bitmap_init
                0x0000000000001498                heap_bitmap_deinit
                0x00000000000014a4                click_recognizer_get_button_id
                0x00000000000014b0                click_number_of_clicks_counted
                0x00000000000014bc                menu_cell_basic_draw
                0x00000000000014c8                menu_cell_title_draw
                0x00000000000014d4                menu_cell_basic_header_draw
                0x00000000000014e0                menu_layer_init
                0x00000000000014ec                menu_layer_get_layer
                0x00000000000014f8                menu_layer_set_callbacks
                0x0000000000001504                menu_layer_set_click_config_onto_window
                0x0000000000001510                menu_layer_set_selected_next
                0x000000000000151c                menu_layer_set_selected_index
                0x0000000000001528                menu_layer_reload_data
                0x0000000000001534                menu_index_compare
                0x0000000000001540                scroll_layer_init
                0x000000000000154c                scroll_layer_add_child
                0x0000000000001558                scroll_layer_set_click_config_onto_window
                0x0000000000001564                scroll_layer_set_callbacks
                0x0000000000001570                scroll_layer_set_context
                0x000000000000157c                scroll_layer_set_content_offset
                0x0000000000001588                scroll_layer_get_content_offset
                0x0000000000001594                scroll_layer_set_content_size
                0x00000000000015a0                scroll_layer_get_content_size
                0x00000000000015ac                scroll_layer_set_frame
                0x00000000000015b8                scroll_layer_scroll_up_click_handler
                0x00000000000015c4                scroll_layer_scroll_down_click_handler
                0x00000000000015d0                simple_menu_layer_init
                0x00000000000015dc                simple_menu_layer_get_layer
                0x00000000000015e8                simple_menu_layer_get_selected_index
                0x00000000000015f4                simple_menu_layer_set_selected_index
                0x0000000000001600                window_deinit
                0x000000000000160c                window_set_click_config_provider_with_context
                0x0000000000001618                window_get_click_config_provider
                0x0000000000001624                window_set_window_handlers
                0x0000000000001630                window_get_root_layer
                0x000000000000163c                window_get_fullscreen
                0x0000000000001648                window_set_status_bar_icon
                0x0000000000001654                window_is_loaded
                0x0000000000001660                window_stack_pop
                0x000000000000166c                window_stack_pop_all
                0x0000000000001678                window_stack_contains_window
                0x0000000000001680                window_stack_get_top_window
                0x0000000000001688                window_stack_remove
                0x0000000000001690                property_animation_init
                0x0000000000001698                property_animation_update_int16
                0x00000000000016a0                property_animation_update_gpoint
                0x00000000000016a8                property_animation_update_grect
                0x00000000000016b0                app_message_register_callbacks
                0x00000000000016b8                app_message_deregister_callbacks
                0x00000000000016c0                app_message_out_get
                0x00000000000016c8                app_message_out_send
                0x00000000000016d0                app_message_out_release
                0x00000000000016d8                app_sync_init
                0x00000000000016e0                app_sync_deinit
                0x00000000000016e8                app_sync_set
                0x00000000000016f0                app_sync_get
                0x00000000000016f8                dict_calc_buffer_size
                0x0000000000001700                dict_write_begin
                0x0000000000001708                dict_write_data
                0x0000000000001710                dict_write_cstring
                0x0000000000001718                dict_write_int
                0x0000000000001720                dict_write_uint8
                0x0000000000001728                dict_write_uint16
                0x0000000000001730                dict_write_uint32
                0x0000000000001738                dict_write_int8
                0x0000000000001740                dict_write_int16
                0x0000000000001748                dict_write_int32
                0x0000000000001750                dict_write_end
                0x0000000000001758                dict_read_begin_from_buffer
                0x0000000000001760                dict_read_next
                0x0000000000001768                dict_read_first
                0x0000000000001770                dict_serialize_tuplets
                0x0000000000001778                dict_serialize_tuplets_to_buffer
                0x0000000000001780                dict_serialize_tuplets_to_buffer_with_iter
                0x0000000000001788                dict_write_tuplet
                0x0000000000001790                dict_calc_buffer_size_from_tuplets
                0x0000000000001798                dict_merge
                0x00000000000017a0                dict_find
                0x00000000000017a8                action_bar_layer_init
                0x00000000000017b0                action_bar_layer_set_context
                0x00000000000017b8                action_bar_layer_set_click_config_provider
                0x00000000000017c0                action_bar_layer_set_icon
                0x00000000000017c8                action_bar_layer_clear_icon
                0x00000000000017d0                action_bar_layer_add_to_window
                0x00000000000017d8                action_bar_layer_remove_from_window
                0x00000000000017e0                action_bar_layer_set_background_color
                0x00000000000017e8                number_window_init
                0x00000000000017f0                number_window_set_label
                0x00000000000017f8                number_window_set_max
                0x0000000000001800                number_window_set_min
                0x0000000000001808                number_window_set_value
                0x0000000000001810                number_window_set_step_size
                0x0000000000001818                number_window_get_value
                0x0000000000001820                clock_copy_time_string
 .text          0x0000000000001b50        0x0 /Users/Rick/pebble-dev/arm-cs-tools/bin/../lib/gcc/arm-none-eabi/4.6.3/../../../../arm-none-eabi/lib/thumb2/libc.a(lib_a-memset.o)
 .text          0x0000000000001b50        0x0 /Users/Rick/pebble-dev/arm-cs-tools/bin/../lib/gcc/arm-none-eabi/4.6.3/thumb2/crtend.o
 .text          0x0000000000001b50        0x0 /Users/Rick/pebble-dev/arm-cs-tools/bin/../lib/gcc/arm-none-eabi/4.6.3/thumb2/crtn.o

.glue_7         0x0000000000001b50        0x0
 .glue_7        0x0000000000000000        0x0 linker stubs

.glue_7t        0x0000000000001b50        0x0
 .glue_7t       0x0000000000000000        0x0 linker stubs

.vfp11_veneer   0x0000000000001b50        0x0
 .vfp11_veneer  0x0000000000000000        0x0 linker stubs

.v4_bx          0x0000000000001b50        0x0
 .v4_bx         0x0000000000000000        0x0 linker stubs

.init           0x0000000000001b50        0xc
 .init          0x0000000000001b50        0x4 /Users/Rick/pebble-dev/arm-cs-tools/bin/../lib/gcc/arm-none-eabi/4.6.3/thumb2/crti.o
                0x0000000000001b50                _init
 .init          0x0000000000001b54        0x8 /Users/Rick/pebble-dev/arm-cs-tools/bin/../lib/gcc/arm-none-eabi/4.6.3/thumb2/crtn.o

.fini           0x0000000000001b5c        0xc
 .fini          0x0000000000001b5c        0x4 /Users/Rick/pebble-dev/arm-cs-tools/bin/../lib/gcc/arm-none-eabi/4.6.3/thumb2/crti.o
                0x0000000000001b5c                _fini
 .fini          0x0000000000001b60        0x8 /Users/Rick/pebble-dev/arm-cs-tools/bin/../lib/gcc/arm-none-eabi/4.6.3/thumb2/crtn.o

.iplt           0x0000000000001b68        0x0
 .iplt          0x0000000000000000        0x0 /Users/Rick/pebble-dev/arm-cs-tools/bin/../lib/gcc/arm-none-eabi/4.6.3/thumb2/crti.o

.text.memset    0x0000000000001b68       0x10
 .text.memset   0x0000000000001b68       0x10 /Users/Rick/pebble-dev/arm-cs-tools/bin/../lib/gcc/arm-none-eabi/4.6.3/../../../../arm-none-eabi/lib/thumb2/libc.a(lib_a-memset.o)
                0x0000000000001b68                memset

.data           0x0000000000001b78        0x8
 *(.data)
 .data          0x0000000000001b78        0x0 /Users/Rick/pebble-dev/arm-cs-tools/bin/../lib/gcc/arm-none-eabi/4.6.3/thumb2/crti.o
 .data          0x0000000000001b78        0x4 /Users/Rick/pebble-dev/arm-cs-tools/bin/../lib/gcc/arm-none-eabi/4.6.3/thumb2/crtbegin.o
                0x0000000000001b78                __dso_handle
 .data          0x0000000000001b7c        0x4 src/diceroll.c.1.o
                0x0000000000001b7c                maxNumber
 .data          0x0000000000001b80        0x0 src/xprintf.c.1.o
 .data          0x0000000000001b80        0x0 /Users/Rick/pebble-dev/myprojects/PebbleDiceRoll/lib/libpebble.a(tmpE96Sgtpebble_os.o)
 .data          0x0000000000001b80        0x0 /Users/Rick/pebble-dev/arm-cs-tools/bin/../lib/gcc/arm-none-eabi/4.6.3/../../../../arm-none-eabi/lib/thumb2/libc.a(lib_a-memset.o)
 .data          0x0000000000001b80        0x0 /Users/Rick/pebble-dev/arm-cs-tools/bin/../lib/gcc/arm-none-eabi/4.6.3/thumb2/crtend.o
 .data          0x0000000000001b80        0x0 /Users/Rick/pebble-dev/arm-cs-tools/bin/../lib/gcc/arm-none-eabi/4.6.3/thumb2/crtn.o

.igot.plt       0x0000000000001b80        0x0
 .igot.plt      0x0000000000000000        0x0 /Users/Rick/pebble-dev/arm-cs-tools/bin/../lib/gcc/arm-none-eabi/4.6.3/thumb2/crti.o

.got            0x0000000000001b80       0x1c
 .got           0x0000000000001b80       0x1c /Users/Rick/pebble-dev/arm-cs-tools/bin/../lib/gcc/arm-none-eabi/4.6.3/thumb2/crti.o

.got.plt        0x0000000000001b9c        0xc
 .got.plt       0x0000000000001b9c        0xc /Users/Rick/pebble-dev/arm-cs-tools/bin/../lib/gcc/arm-none-eabi/4.6.3/thumb2/crti.o
                0x0000000000001b9c                _GLOBAL_OFFSET_TABLE_

.init_array     0x0000000000001ba8        0x4
 .init_array    0x0000000000001ba8        0x4 /Users/Rick/pebble-dev/arm-cs-tools/bin/../lib/gcc/arm-none-eabi/4.6.3/thumb2/crtbegin.o

.fini_array     0x0000000000001bac        0x4
 .fini_array    0x0000000000001bac        0x4 /Users/Rick/pebble-dev/arm-cs-tools/bin/../lib/gcc/arm-none-eabi/4.6.3/thumb2/crtbegin.o

.jcr            0x0000000000001bb0        0x4
 .jcr           0x0000000000001bb0        0x0 /Users/Rick/pebble-dev/arm-cs-tools/bin/../lib/gcc/arm-none-eabi/4.6.3/thumb2/crtbegin.o
 .jcr           0x0000000000001bb0        0x4 /Users/Rick/pebble-dev/arm-cs-tools/bin/../lib/gcc/arm-none-eabi/4.6.3/thumb2/crtend.o

.bss            0x0000000000001bb4      0x12c
 *(.bss)
 .bss           0x0000000000001bb4        0x0 /Users/Rick/pebble-dev/arm-cs-tools/bin/../lib/gcc/arm-none-eabi/4.6.3/thumb2/crti.o
 .bss           0x0000000000001bb4       0x1c /Users/Rick/pebble-dev/arm-cs-tools/bin/../lib/gcc/arm-none-eabi/4.6.3/thumb2/crtbegin.o
 .bss           0x0000000000001bd0        0x0 src/diceroll.c.1.o
 .bss           0x0000000000001bd0        0x4 src/xprintf.c.1.o
 .bss           0x0000000000001bd4        0x0 /Users/Rick/pebble-dev/myprojects/PebbleDiceRoll/lib/libpebble.a(tmpE96Sgtpebble_os.o)
 .bss           0x0000000000001bd4        0x0 /Users/Rick/pebble-dev/arm-cs-tools/bin/../lib/gcc/arm-none-eabi/4.6.3/../../../../arm-none-eabi/lib/thumb2/libc.a(lib_a-memset.o)
 .bss           0x0000000000001bd4        0x0 /Users/Rick/pebble-dev/arm-cs-tools/bin/../lib/gcc/arm-none-eabi/4.6.3/thumb2/crtend.o
 .bss           0x0000000000001bd4        0x0 /Users/Rick/pebble-dev/arm-cs-tools/bin/../lib/gcc/arm-none-eabi/4.6.3/thumb2/crtn.o
 COMMON         0x0000000000001bd4      0x104 src/diceroll.c.1.o
                0x0000000000001bd4                maxNumberValueLayer
                0x0000000000001c0c                randSeed
                0x0000000000001c10                randomNumberLayer
                0x0000000000001c48                maxNumberPromptLayer
                0x0000000000001c80                window
 COMMON         0x0000000000001cd8        0x8 src/xprintf.c.1.o
                0x0000000000001cd8                xfunc_in
                0x0000000000001cdc                xfunc_out

DISCARD         0x0000000000001ce0        0x4
 libc.a(*)
 libm.a(*)
 libgcc.a(*)
 *(.eh_frame)
 .eh_frame      0x0000000000001ce0        0x0 /Users/Rick/pebble-dev/arm-cs-tools/bin/../lib/gcc/arm-none-eabi/4.6.3/thumb2/crtbegin.o
 .eh_frame      0x0000000000001ce0        0x4 /Users/Rick/pebble-dev/arm-cs-tools/bin/../lib/gcc/arm-none-eabi/4.6.3/thumb2/crtend.o
OUTPUT(/Users/Rick/pebble-dev/myprojects/PebbleDiceRoll/build/pebble-app.elf elf32-littlearm)

.rodata         0x0000000000001ce4       0xbc
 .rodata        0x0000000000001ce4       0x9c src/diceroll.c.1.o
 .rodata        0x0000000000001d80       0x20 src/xprintf.c.1.o

.rel.dyn        0x0000000000001da0        0x0
 .rel.iplt      0x0000000000000000        0x0 /Users/Rick/pebble-dev/arm-cs-tools/bin/../lib/gcc/arm-none-eabi/4.6.3/thumb2/crti.o
 .rel.got       0x0000000000000000        0x0 /Users/Rick/pebble-dev/arm-cs-tools/bin/../lib/gcc/arm-none-eabi/4.6.3/thumb2/crti.o

.ARM.attributes
                0x0000000000000000       0x27
 .ARM.attributes
                0x0000000000000000       0x1b /Users/Rick/pebble-dev/arm-cs-tools/bin/../lib/gcc/arm-none-eabi/4.6.3/thumb2/crti.o
 .ARM.attributes
                0x000000000000001b       0x2b /Users/Rick/pebble-dev/arm-cs-tools/bin/../lib/gcc/arm-none-eabi/4.6.3/thumb2/crtbegin.o
 .ARM.attributes
                0x0000000000000046       0x33 src/diceroll.c.1.o
 .ARM.attributes
                0x0000000000000079       0x33 src/xprintf.c.1.o
 .ARM.attributes
                0x00000000000000ac       0x21 /Users/Rick/pebble-dev/myprojects/PebbleDiceRoll/lib/libpebble.a(tmpE96Sgtpebble_os.o)
 .ARM.attributes
                0x00000000000000cd       0x2b /Users/Rick/pebble-dev/arm-cs-tools/bin/../lib/gcc/arm-none-eabi/4.6.3/../../../../arm-none-eabi/lib/thumb2/libc.a(lib_a-memset.o)
 .ARM.attributes
                0x00000000000000f8       0x2b /Users/Rick/pebble-dev/arm-cs-tools/bin/../lib/gcc/arm-none-eabi/4.6.3/thumb2/crtend.o
 .ARM.attributes
                0x0000000000000123       0x1b /Users/Rick/pebble-dev/arm-cs-tools/bin/../lib/gcc/arm-none-eabi/4.6.3/thumb2/crtn.o

.comment        0x0000000000000000       0x4e
 .comment       0x0000000000000000       0x4e /Users/Rick/pebble-dev/arm-cs-tools/bin/../lib/gcc/arm-none-eabi/4.6.3/thumb2/crtbegin.o
                                         0x4f (size before relaxing)
 .comment       0x0000000000000000       0x4f src/diceroll.c.1.o
 .comment       0x0000000000000000       0x4f src/xprintf.c.1.o
 .comment       0x0000000000000000       0x4f /Users/Rick/pebble-dev/arm-cs-tools/bin/../lib/gcc/arm-none-eabi/4.6.3/../../../../arm-none-eabi/lib/thumb2/libc.a(lib_a-memset.o)
 .comment       0x0000000000000000       0x4f /Users/Rick/pebble-dev/arm-cs-tools/bin/../lib/gcc/arm-none-eabi/4.6.3/thumb2/crtend.o

.debug_line     0x0000000000000000      0x59f
 .debug_line    0x0000000000000000       0x71 /Users/Rick/pebble-dev/arm-cs-tools/bin/../lib/gcc/arm-none-eabi/4.6.3/thumb2/crti.o
 .debug_line    0x0000000000000071      0x1d3 src/diceroll.c.1.o
 .debug_line    0x0000000000000244      0x2e6 src/xprintf.c.1.o
 .debug_line    0x000000000000052a       0x75 /Users/Rick/pebble-dev/arm-cs-tools/bin/../lib/gcc/arm-none-eabi/4.6.3/thumb2/crtn.o

.debug_info     0x0000000000000000     0x1a46
 .debug_info    0x0000000000000000       0xb2 /Users/Rick/pebble-dev/arm-cs-tools/bin/../lib/gcc/arm-none-eabi/4.6.3/thumb2/crti.o
 .debug_info    0x00000000000000b2     0x13ee src/diceroll.c.1.o
 .debug_info    0x00000000000014a0      0x4f4 src/xprintf.c.1.o
 .debug_info    0x0000000000001994       0xb2 /Users/Rick/pebble-dev/arm-cs-tools/bin/../lib/gcc/arm-none-eabi/4.6.3/thumb2/crtn.o

.debug_abbrev   0x0000000000000000      0x3a9
 .debug_abbrev  0x0000000000000000       0x12 /Users/Rick/pebble-dev/arm-cs-tools/bin/../lib/gcc/arm-none-eabi/4.6.3/thumb2/crti.o
 .debug_abbrev  0x0000000000000012      0x216 src/diceroll.c.1.o
 .debug_abbrev  0x0000000000000228      0x16f src/xprintf.c.1.o
 .debug_abbrev  0x0000000000000397       0x12 /Users/Rick/pebble-dev/arm-cs-tools/bin/../lib/gcc/arm-none-eabi/4.6.3/thumb2/crtn.o

.debug_aranges  0x0000000000000000       0x90
 .debug_aranges
                0x0000000000000000       0x28 /Users/Rick/pebble-dev/arm-cs-tools/bin/../lib/gcc/arm-none-eabi/4.6.3/thumb2/crti.o
 .debug_aranges
                0x0000000000000028       0x20 src/diceroll.c.1.o
 .debug_aranges
                0x0000000000000048       0x20 src/xprintf.c.1.o
 .debug_aranges
                0x0000000000000068       0x28 /Users/Rick/pebble-dev/arm-cs-tools/bin/../lib/gcc/arm-none-eabi/4.6.3/thumb2/crtn.o

.debug_ranges   0x0000000000000000       0x40
 .debug_ranges  0x0000000000000000       0x20 /Users/Rick/pebble-dev/arm-cs-tools/bin/../lib/gcc/arm-none-eabi/4.6.3/thumb2/crti.o
 .debug_ranges  0x0000000000000020       0x20 /Users/Rick/pebble-dev/arm-cs-tools/bin/../lib/gcc/arm-none-eabi/4.6.3/thumb2/crtn.o

.debug_loc      0x0000000000000000      0x530
 .debug_loc     0x0000000000000000      0x2a2 src/diceroll.c.1.o
 .debug_loc     0x00000000000002a2      0x28e src/xprintf.c.1.o

.debug_str      0x0000000000000000      0xd7a
 .debug_str     0x0000000000000000      0xccf src/diceroll.c.1.o
                                        0xdb1 (size before relaxing)
 .debug_str     0x0000000000000ccf       0xab src/xprintf.c.1.o
                                        0x149 (size before relaxing)

.debug_frame    0x0000000000000000      0x308
 .debug_frame   0x0000000000000000      0x184 src/diceroll.c.1.o
 .debug_frame   0x0000000000000184      0x184 src/xprintf.c.1.o
